#
# There is insufficient memory for the Java Runtime Environment to continue.
# Native memory allocation (malloc) failed to allocate 2591440 bytes. Error detail: Chunk::new
# Possible reasons:
#   The system is out of physical RAM or swap space
#   This process is running with CompressedOops enabled, and the Java Heap may be blocking the growth of the native heap
# Possible solutions:
#   Reduce memory load on the system
#   Increase physical memory or swap space
#   Check if swap backing store is full
#   Decrease Java heap size (-Xmx/-Xms)
#   Decrease number of Java threads
#   Decrease Java thread stack sizes (-Xss)
#   Set larger code cache with -XX:ReservedCodeCacheSize=
#   JVM is running with Zero Based Compressed Oops mode in which the Java heap is
#     placed in the first 32GB address space. The Java Heap base address is the
#     maximum limit for the native heap growth. Please use -XX:HeapBaseMinAddress
#     to set the Java Heap base and to place the Java Heap above 32GB virtual address.
# This output file may be truncated or incomplete.
#
#  Out of Memory Error (arena.cpp:191), pid=15968, tid=31232
#
# JRE version: OpenJDK Runtime Environment JBR-17.0.14+1-1367.22-nomod (17.0.14+1) (build 17.0.14+1-b1367.22)
# Java VM: OpenJDK 64-Bit Server VM JBR-17.0.14+1-1367.22-nomod (17.0.14+1-b1367.22, mixed mode, sharing, tiered, compressed oops, compressed class ptrs, g1 gc, windows-amd64)
# No core dump will be written. Minidumps are not enabled by default on client versions of Windows
#

---------------  S U M M A R Y ------------

Command Line: -javaagent:C:\Program Files\JetBrains\IntelliJ IDEA 2025.2.1\lib\idea_rt.jar=55678 -Dfile.encoding=UTF-8 --module-path=C:\Users\Nirvana\.m2\repository\software\amazon\awssdk\regions\2.41.23\regions-2.41.23.jar;C:\Users\Nirvana\.m2\repository\org\openjfx\javafx-fxml\17.0.14\javafx-fxml-17.0.14-win.jar;C:\Users\Nirvana\.m2\repository\org\openjfx\javafx-controls\17.0.14\javafx-controls-17.0.14-win.jar;C:\Users\Nirvana\.m2\repository\org\fxmisc\richtext\richtextfx\0.11.7\richtextfx-0.11.7.jar;C:\Users\Nirvana\.m2\repository\org\openjfx\javafx-base\17.0.14\javafx-base-17.0.14-win.jar;C:\Users\Nirvana\.m2\repository\software\amazon\awssdk\auth\2.41.23\auth-2.41.23.jar;C:\Users\Nirvana\.m2\repository\software\amazon\awssdk\sdk-core\2.41.23\sdk-core-2.41.23.jar;C:\Users\Nirvana\.m2\repository\org\fxmisc\flowless\flowless\0.7.4\flowless-0.7.4.jar;C:\Users\Nirvana\Documents\Projet JAVA\Gestion_User\GUser\target\classes;C:\Users\Nirvana\.m2\repository\org\openjfx\javafx-graphics\17.0.14\javafx-graphics-17.0.14-win.jar;C:\Users\Nirvana\.m2\repository\software\amazon\awssdk\s3\2.41.23\s3-2.41.23.jar;C:\Users\Nirvana\.m2\repository\com\dlsc\formsfx\formsfx-core\11.6.0\formsfx-core-11.6.0.jar -Djdk.module.main=com.example.guser com.example.guser/com.example.guser.HelloApplication

Host: 12th Gen Intel(R) Core(TM) i7-1255U, 12 cores, 15G,  Windows 11 , 64 bit Build 26100 (10.0.26100.7309)
Time: Sun Feb  8 22:20:43 2026 Morocco Daylight Time elapsed time: 70.786224 seconds (0d 0h 1m 10s)

---------------  T H R E A D  ---------------

Current thread (0x00000223181676b0):  JavaThread "C2 CompilerThread2" daemon [_thread_in_native, id=31232, stack(0x0000006722900000,0x0000006722a00000)]


Current CompileTask:
C2:  70786 8001   !   4       javafx.scene.CssStyleHelper::transitionToState (1031 bytes)

Stack: [0x0000006722900000,0x0000006722a00000]
Native frames: (J=compiled Java code, j=interpreted, Vv=VM code, C=native code)
V  [jvm.dll+0x68b969]
V  [jvm.dll+0x84572a]
V  [jvm.dll+0x8473ae]  VMError::report_and_die+0x78e  (vmError.cpp:1766)
V  [jvm.dll+0x847a13]  VMError::report_and_die+0x43  (vmError.cpp:1552)
V  [jvm.dll+0x24a83f]  report_vm_out_of_memory+0x8f  (debug.cpp:321)
V  [jvm.dll+0xaca04]  Chunk::operator new+0xb4  (arena.cpp:191)
V  [jvm.dll+0xad04c]  Arena::grow+0x3c  (arena.cpp:352)
V  [jvm.dll+0x36af67]  PhaseIFG::init+0xf7  (ifg.cpp:52)
V  [jvm.dll+0x3352ca]  PhaseCFG::global_code_motion+0x44a  (gcm.cpp:1591)
V  [jvm.dll+0x33476a]  PhaseCFG::do_global_code_motion+0x3a  (gcm.cpp:1658)
V  [jvm.dll+0x21c231]  Compile::Code_Gen+0x261  (compile.cpp:2738)
V  [jvm.dll+0x21b671]  Compile::Compile+0xe61  (compile.cpp:836)
V  [jvm.dll+0x1a6acd]  C2Compiler::compile_method+0xad  (c2compiler.cpp:112)
V  [jvm.dll+0x22b58e]  CompileBroker::invoke_compiler_on_method+0x82e  (compileBroker.cpp:2366)
V  [jvm.dll+0x2296d5]  CompileBroker::compiler_thread_loop+0x405  (compileBroker.cpp:2027)
V  [jvm.dll+0x7f9637]  JavaThread::run+0x147  (thread.cpp:1299)
V  [jvm.dll+0x7f3a1c]  Thread::call_run+0x8c  (thread.cpp:405)
V  [jvm.dll+0x68a7c7]  thread_native_entry+0x77  (os_windows.cpp:551)
C  [ucrtbase.dll+0x37b0]
C  [KERNEL32.DLL+0x2e8d7]
C  [ntdll.dll+0x8c53c]


---------------  P R O C E S S  ---------------

Threads class SMR info:
_java_thread_list=0x00000223181bcff0, length=23, elements={
0x00000222b61d0fb0, 0x0000022318013170, 0x0000022318013d30, 0x0000022318028720,
0x000002231802b100, 0x000002231802bac0, 0x000002231802c480, 0x000002231803c740,
0x000002231803d1f0, 0x00000223180483e0, 0x000002231811b150, 0x000002231873d9a0,
0x000002231873de80, 0x0000022318cd39b0, 0x000002231db4bfc0, 0x000002231db363b0,
0x000002231db52e10, 0x000002231dd08280, 0x0000022318511a20, 0x0000022318511f30,
0x0000022318513370, 0x0000022318167160, 0x00000223181676b0
}

Java Threads: ( => current thread )
  0x00000222b61d0fb0 JavaThread "main" [_thread_blocked, id=19572, stack(0x000000671ef00000,0x000000671f000000)]
  0x0000022318013170 JavaThread "Reference Handler" daemon [_thread_blocked, id=19460, stack(0x000000671f600000,0x000000671f700000)]
  0x0000022318013d30 JavaThread "Finalizer" daemon [_thread_blocked, id=9848, stack(0x000000671f700000,0x000000671f800000)]
  0x0000022318028720 JavaThread "Signal Dispatcher" daemon [_thread_blocked, id=14032, stack(0x000000671f800000,0x000000671f900000)]
  0x000002231802b100 JavaThread "Attach Listener" daemon [_thread_blocked, id=37036, stack(0x000000671f900000,0x000000671fa00000)]
  0x000002231802bac0 JavaThread "Service Thread" daemon [_thread_blocked, id=4500, stack(0x000000671fa00000,0x000000671fb00000)]
  0x000002231802c480 JavaThread "Monitor Deflation Thread" daemon [_thread_blocked, id=26032, stack(0x000000671fb00000,0x000000671fc00000)]
  0x000002231803c740 JavaThread "C2 CompilerThread0" daemon [_thread_blocked, id=35112, stack(0x000000671fc00000,0x000000671fd00000)]
  0x000002231803d1f0 JavaThread "C1 CompilerThread0" daemon [_thread_blocked, id=23424, stack(0x000000671fd00000,0x000000671fe00000)]
  0x00000223180483e0 JavaThread "Sweeper thread" daemon [_thread_blocked, id=30380, stack(0x000000671fe00000,0x000000671ff00000)]
  0x000002231811b150 JavaThread "Common-Cleaner" daemon [_thread_blocked, id=15280, stack(0x000000671ff00000,0x0000006720000000)]
  0x000002231873d9a0 JavaThread "Monitor Ctrl-Break" daemon [_thread_in_native, id=17460, stack(0x0000006720200000,0x0000006720300000)]
  0x000002231873de80 JavaThread "Notification Thread" daemon [_thread_blocked, id=30224, stack(0x0000006720300000,0x0000006720400000)]
  0x0000022318cd39b0 JavaThread "QuantumRenderer-0" daemon [_thread_in_native, id=26060, stack(0x0000006720500000,0x0000006720600000)]
  0x000002231db4bfc0 JavaThread "InvokeLaterDispatcher" daemon [_thread_blocked, id=31456, stack(0x0000006720000000,0x0000006720100000)]
  0x000002231db363b0 JavaThread "JavaFX Application Thread" [_thread_blocked, id=21404, stack(0x0000006720100000,0x0000006720200000)]
  0x000002231db52e10 JavaThread "Thread-1" daemon [_thread_in_native, id=5904, stack(0x0000006721000000,0x0000006721100000)]
  0x000002231dd08280 JavaThread "JavaFX-Launcher" [_thread_blocked, id=29900, stack(0x0000006721100000,0x0000006721200000)]
  0x0000022318511a20 JavaThread "Prism Font Disposer" daemon [_thread_blocked, id=19592, stack(0x0000006721200000,0x0000006721300000)]
  0x0000022318511f30 JavaThread "mysql-cj-abandoned-connection-cleanup" daemon [_thread_blocked, id=34964, stack(0x0000006721400000,0x0000006721500000)]
  0x0000022318513370 JavaThread "Cleaner-0" daemon [_thread_blocked, id=34692, stack(0x0000006722100000,0x0000006722200000)]
  0x0000022318167160 JavaThread "C2 CompilerThread1" daemon [_thread_in_native, id=35044, stack(0x0000006722200000,0x0000006722300000)]
=>0x00000223181676b0 JavaThread "C2 CompilerThread2" daemon [_thread_in_native, id=31232, stack(0x0000006722900000,0x0000006722a00000)]

Other Threads:
  0x000002231800fc40 VMThread "VM Thread" [stack: 0x000000671f500000,0x000000671f600000] [id=6152]
  0x00000223188f9f70 WatcherThread [stack: 0x0000006720400000,0x0000006720500000] [id=32244]
  0x00000222b623e530 GCTaskThread "GC Thread#0" [stack: 0x000000671f000000,0x000000671f100000] [id=9300]
  0x000002231db48cb0 GCTaskThread "GC Thread#1" [stack: 0x0000006720a00000,0x0000006720b00000] [id=22476]
  0x000002231db88060 GCTaskThread "GC Thread#2" [stack: 0x0000006720b00000,0x0000006720c00000] [id=34780]
  0x000002231db88b30 GCTaskThread "GC Thread#3" [stack: 0x0000006720c00000,0x0000006720d00000] [id=28984]
  0x000002231db88df0 GCTaskThread "GC Thread#4" [stack: 0x0000006720d00000,0x0000006720e00000] [id=11836]
  0x000002231db890b0 GCTaskThread "GC Thread#5" [stack: 0x0000006720e00000,0x0000006720f00000] [id=32284]
  0x000002231e77b0f0 GCTaskThread "GC Thread#6" [stack: 0x0000006721500000,0x0000006721600000] [id=16624]
  0x000002231e689000 GCTaskThread "GC Thread#7" [stack: 0x0000006721600000,0x0000006721700000] [id=9816]
  0x0000022327230020 GCTaskThread "GC Thread#8" [stack: 0x0000006721700000,0x0000006721800000] [id=9160]
  0x000002231e516dd0 GCTaskThread "GC Thread#9" [stack: 0x0000006721800000,0x0000006721900000] [id=28940]
  0x00000222b624fc90 ConcurrentGCThread "G1 Main Marker" [stack: 0x000000671f100000,0x000000671f200000] [id=30832]
  0x00000222b62506b0 ConcurrentGCThread "G1 Conc#0" [stack: 0x000000671f200000,0x000000671f300000] [id=23012]
  0x000002231e374f50 ConcurrentGCThread "G1 Conc#1" [stack: 0x0000006722400000,0x0000006722500000] [id=29692]
  0x000002231e373690 ConcurrentGCThread "G1 Conc#2" [stack: 0x0000006722500000,0x0000006722600000] [id=22700]
  0x00000222d6906ae0 ConcurrentGCThread "G1 Refine#0" [stack: 0x000000671f300000,0x000000671f400000] [id=23400]
  0x000002231dbc5960 ConcurrentGCThread "G1 Refine#1" [stack: 0x0000006721900000,0x0000006721a00000] [id=30172]
  0x000002231e6e8890 ConcurrentGCThread "G1 Refine#2" [stack: 0x0000006721a00000,0x0000006721b00000] [id=7456]
  0x000002231dbcb9b0 ConcurrentGCThread "G1 Refine#3" [stack: 0x0000006721b00000,0x0000006721c00000] [id=20784]
  0x00000222d69083c0 ConcurrentGCThread "G1 Service" [stack: 0x000000671f400000,0x000000671f500000] [id=33944]

Threads with active compile tasks:
C2 CompilerThread1    83359 8315   !   4       com.sun.javafx.text.PrismTextLayout::layout (1636 bytes)
C2 CompilerThread2    83359 8001   !   4       javafx.scene.CssStyleHelper::transitionToState (1031 bytes)

VM state: not at safepoint (normal execution)

VM Mutex/Monitor currently owned by a thread: None

Heap address: 0x0000000704c00000, size: 4020 MB, Compressed Oops mode: Zero based, Oop shift amount: 3

CDS archive(s) mapped at: [0x00000222d7000000-0x00000222d7c00000-0x00000222d7c00000), size 12582912, SharedBaseAddress: 0x00000222d7000000, ArchiveRelocationMode: 1.
Compressed class space mapped at: 0x00000222d8000000-0x0000022318000000, reserved size: 1073741824
Narrow klass base: 0x00000222d7000000, Narrow klass shift: 0, Narrow klass range: 0x100000000

GC Precious Log:
 CPUs: 12 total, 12 available
 Memory: 16075M
 Large Page Support: Disabled
 NUMA Support: Disabled
 Compressed Oops: Enabled (Zero based)
 Heap Region Size: 2M
 Heap Min Capacity: 8M
 Heap Initial Capacity: 252M
 Heap Max Capacity: 4020M
 Pre-touch: Disabled
 Parallel Workers: 10
 Concurrent Workers: 3
 Concurrent Refinement Workers: 10
 Periodic GC: Disabled

Heap:
 garbage-first heap   total 131072K, used 79610K [0x0000000704c00000, 0x0000000800000000)
  region size 2048K, 7 young (14336K), 3 survivors (6144K)
 Metaspace       used 48502K, committed 49024K, reserved 1114112K
  class space    used 6613K, committed 6848K, reserved 1048576K

Heap Regions: E=young(eden), S=young(survivor), O=old, HS=humongous(starts), HC=humongous(continues), CS=collection set, F=free, OA=open archive, CA=closed archive, TAMS=top-at-mark-start (previous, next)
|   0|0x0000000704c00000, 0x0000000704e00000, 0x0000000704e00000|100%| O|  |TAMS 0x0000000704e00000, 0x0000000704c00000| Untracked 
|   1|0x0000000704e00000, 0x0000000705000000, 0x0000000705000000|100%| O|  |TAMS 0x0000000705000000, 0x0000000704e00000| Untracked 
|   2|0x0000000705000000, 0x0000000705000000, 0x0000000705200000|  0%| F|  |TAMS 0x0000000705000000, 0x0000000705000000| Untracked 
|   3|0x0000000705200000, 0x0000000705400000, 0x0000000705400000|100%| O|  |TAMS 0x0000000705400000, 0x0000000705200000| Untracked 
|   4|0x0000000705400000, 0x0000000705600000, 0x0000000705600000|100%| O|  |TAMS 0x0000000705600000, 0x0000000705400000| Untracked 
|   5|0x0000000705600000, 0x0000000705800000, 0x0000000705800000|100%| O|  |TAMS 0x0000000705800000, 0x0000000705600000| Untracked 
|   6|0x0000000705800000, 0x0000000705a00000, 0x0000000705a00000|100%| O|  |TAMS 0x0000000705a00000, 0x0000000705800000| Untracked 
|   7|0x0000000705a00000, 0x0000000705c00000, 0x0000000705c00000|100%| O|  |TAMS 0x0000000705c00000, 0x0000000705a00000| Untracked 
|   8|0x0000000705c00000, 0x0000000705e00000, 0x0000000705e00000|100%| O|  |TAMS 0x0000000705e00000, 0x0000000705c00000| Untracked 
|   9|0x0000000705e00000, 0x0000000705e8e000, 0x0000000706000000| 27%| O|  |TAMS 0x0000000705e8e000, 0x0000000705e00000| Untracked 
|  10|0x0000000706000000, 0x0000000706200000, 0x0000000706200000|100%| O|  |TAMS 0x0000000706200000, 0x0000000706000000| Untracked 
|  11|0x0000000706200000, 0x0000000706400000, 0x0000000706400000|100%| O|  |TAMS 0x0000000706400000, 0x0000000706200000| Untracked 
|  12|0x0000000706400000, 0x0000000706600000, 0x0000000706600000|100%| O|  |TAMS 0x0000000706600000, 0x0000000706400000| Untracked 
|  13|0x0000000706600000, 0x0000000706800000, 0x0000000706800000|100%|HS|  |TAMS 0x0000000706800000, 0x0000000706600000| Complete 
|  14|0x0000000706800000, 0x0000000706a00000, 0x0000000706a00000|100%|HC|  |TAMS 0x0000000706a00000, 0x0000000706800000| Complete 
|  15|0x0000000706a00000, 0x0000000706c00000, 0x0000000706c00000|100%|HC|  |TAMS 0x0000000706c00000, 0x0000000706a00000| Complete 
|  16|0x0000000706c00000, 0x0000000706e00000, 0x0000000706e00000|100%|HC|  |TAMS 0x0000000706e00000, 0x0000000706c00000| Complete 
|  17|0x0000000706e00000, 0x0000000707000000, 0x0000000707000000|100%|HC|  |TAMS 0x0000000707000000, 0x0000000706e00000| Complete 
|  18|0x0000000707000000, 0x0000000707200000, 0x0000000707200000|100%|HC|  |TAMS 0x0000000707200000, 0x0000000707000000| Complete 
|  19|0x0000000707200000, 0x0000000707400000, 0x0000000707400000|100%|HC|  |TAMS 0x0000000707400000, 0x0000000707200000| Complete 
|  20|0x0000000707400000, 0x0000000707600000, 0x0000000707600000|100%|HC|  |TAMS 0x0000000707600000, 0x0000000707400000| Complete 
|  21|0x0000000707600000, 0x0000000707800000, 0x0000000707800000|100%|HC|  |TAMS 0x0000000707800000, 0x0000000707600000| Complete 
|  22|0x0000000707800000, 0x0000000707a00000, 0x0000000707a00000|100%|HS|  |TAMS 0x0000000707a00000, 0x0000000707800000| Complete 
|  23|0x0000000707a00000, 0x0000000707c00000, 0x0000000707c00000|100%|HC|  |TAMS 0x0000000707c00000, 0x0000000707a00000| Complete 
|  24|0x0000000707c00000, 0x0000000707e00000, 0x0000000707e00000|100%|HC|  |TAMS 0x0000000707e00000, 0x0000000707c00000| Complete 
|  25|0x0000000707e00000, 0x0000000708000000, 0x0000000708000000|100%|HC|  |TAMS 0x0000000708000000, 0x0000000707e00000| Complete 
|  26|0x0000000708000000, 0x0000000708200000, 0x0000000708200000|100%|HC|  |TAMS 0x0000000708200000, 0x0000000708000000| Complete 
|  27|0x0000000708200000, 0x0000000708400000, 0x0000000708400000|100%|HC|  |TAMS 0x0000000708400000, 0x0000000708200000| Complete 
|  28|0x0000000708400000, 0x0000000708600000, 0x0000000708600000|100%|HC|  |TAMS 0x0000000708600000, 0x0000000708400000| Complete 
|  29|0x0000000708600000, 0x0000000708800000, 0x0000000708800000|100%|HC|  |TAMS 0x0000000708800000, 0x0000000708600000| Complete 
|  30|0x0000000708800000, 0x0000000708a00000, 0x0000000708a00000|100%|HC|  |TAMS 0x0000000708a00000, 0x0000000708800000| Complete 
|  31|0x0000000708a00000, 0x0000000708c00000, 0x0000000708c00000|100%| O|  |TAMS 0x0000000708c00000, 0x0000000708a00000| Untracked 
|  32|0x0000000708c00000, 0x0000000708e00000, 0x0000000708e00000|100%| O|  |TAMS 0x0000000708e00000, 0x0000000708c00000| Untracked 
|  33|0x0000000708e00000, 0x0000000708fa7400, 0x0000000709000000| 82%| O|  |TAMS 0x0000000708fa7400, 0x0000000708e00000| Untracked 
|  34|0x0000000709000000, 0x0000000709000000, 0x0000000709200000|  0%| F|  |TAMS 0x0000000709000000, 0x0000000709000000| Untracked 
|  35|0x0000000709200000, 0x0000000709400000, 0x0000000709400000|100%|HS|  |TAMS 0x0000000709400000, 0x0000000709200000| Complete 
|  36|0x0000000709400000, 0x0000000709400000, 0x0000000709600000|  0%| F|  |TAMS 0x0000000709400000, 0x0000000709400000| Untracked 
|  37|0x0000000709600000, 0x0000000709600000, 0x0000000709800000|  0%| F|  |TAMS 0x0000000709600000, 0x0000000709600000| Untracked 
|  38|0x0000000709800000, 0x0000000709800000, 0x0000000709a00000|  0%| F|  |TAMS 0x0000000709800000, 0x0000000709800000| Untracked 
|  39|0x0000000709a00000, 0x0000000709a00000, 0x0000000709c00000|  0%| F|  |TAMS 0x0000000709a00000, 0x0000000709a00000| Untracked 
|  40|0x0000000709c00000, 0x0000000709c00000, 0x0000000709e00000|  0%| F|  |TAMS 0x0000000709c00000, 0x0000000709c00000| Untracked 
|  41|0x0000000709e00000, 0x0000000709e00000, 0x000000070a000000|  0%| F|  |TAMS 0x0000000709e00000, 0x0000000709e00000| Untracked 
|  42|0x000000070a000000, 0x000000070a000000, 0x000000070a200000|  0%| F|  |TAMS 0x000000070a000000, 0x000000070a000000| Untracked 
|  43|0x000000070a200000, 0x000000070a389478, 0x000000070a400000| 76%| S|CS|TAMS 0x000000070a200000, 0x000000070a200000| Complete 
|  44|0x000000070a400000, 0x000000070a600000, 0x000000070a600000|100%| S|CS|TAMS 0x000000070a400000, 0x000000070a400000| Complete 
|  45|0x000000070a600000, 0x000000070a800000, 0x000000070a800000|100%| S|CS|TAMS 0x000000070a600000, 0x000000070a600000| Complete 
|  46|0x000000070a800000, 0x000000070a800000, 0x000000070aa00000|  0%| F|  |TAMS 0x000000070a800000, 0x000000070a800000| Untracked 
|  47|0x000000070aa00000, 0x000000070aa00000, 0x000000070ac00000|  0%| F|  |TAMS 0x000000070aa00000, 0x000000070aa00000| Untracked 
|  48|0x000000070ac00000, 0x000000070ac00000, 0x000000070ae00000|  0%| F|  |TAMS 0x000000070ac00000, 0x000000070ac00000| Untracked 
|  49|0x000000070ae00000, 0x000000070ae00000, 0x000000070b000000|  0%| F|  |TAMS 0x000000070ae00000, 0x000000070ae00000| Untracked 
|  50|0x000000070b000000, 0x000000070b000000, 0x000000070b200000|  0%| F|  |TAMS 0x000000070b000000, 0x000000070b000000| Untracked 
|  51|0x000000070b200000, 0x000000070b200000, 0x000000070b400000|  0%| F|  |TAMS 0x000000070b200000, 0x000000070b200000| Untracked 
|  52|0x000000070b400000, 0x000000070b400000, 0x000000070b600000|  0%| F|  |TAMS 0x000000070b400000, 0x000000070b400000| Untracked 
|  53|0x000000070b600000, 0x000000070b600000, 0x000000070b800000|  0%| F|  |TAMS 0x000000070b600000, 0x000000070b600000| Untracked 
|  54|0x000000070b800000, 0x000000070b800000, 0x000000070ba00000|  0%| F|  |TAMS 0x000000070b800000, 0x000000070b800000| Untracked 
|  55|0x000000070ba00000, 0x000000070ba00000, 0x000000070bc00000|  0%| F|  |TAMS 0x000000070ba00000, 0x000000070ba00000| Untracked 
|  56|0x000000070bc00000, 0x000000070bc00000, 0x000000070be00000|  0%| F|  |TAMS 0x000000070bc00000, 0x000000070bc00000| Untracked 
|  57|0x000000070be00000, 0x000000070be00000, 0x000000070c000000|  0%| F|  |TAMS 0x000000070be00000, 0x000000070be00000| Untracked 
|  58|0x000000070c000000, 0x000000070c000000, 0x000000070c200000|  0%| F|  |TAMS 0x000000070c000000, 0x000000070c000000| Untracked 
|  59|0x000000070c200000, 0x000000070c200000, 0x000000070c400000|  0%| F|  |TAMS 0x000000070c200000, 0x000000070c200000| Untracked 
|  60|0x000000070c400000, 0x000000070c548398, 0x000000070c600000| 64%| E|  |TAMS 0x000000070c400000, 0x000000070c400000| Complete 
|  61|0x000000070c600000, 0x000000070c800000, 0x000000070c800000|100%| E|CS|TAMS 0x000000070c600000, 0x000000070c600000| Complete 
|  62|0x000000070c800000, 0x000000070ca00000, 0x000000070ca00000|100%| E|CS|TAMS 0x000000070c800000, 0x000000070c800000| Complete 
| 125|0x0000000714600000, 0x0000000714800000, 0x0000000714800000|100%| E|CS|TAMS 0x0000000714600000, 0x0000000714600000| Complete 

Card table byte_map: [0x00000222cb3f0000,0x00000222cbbd0000] _byte_map_base: 0x00000222c7bca000

Marking Bits (Prev, Next): (CMBitMap*) 0x00000222b623eb50, (CMBitMap*) 0x00000222b623eb90
 Prev Bits: [0x00000222cc3b0000, 0x00000222d0280000)
 Next Bits: [0x00000222d0280000, 0x00000222d4150000)

Polling page: 0x00000222b5d00000

Metaspace:

Usage:
  Non-class:     40.91 MB used.
      Class:      6.46 MB used.
       Both:     47.37 MB used.

Virtual space:
  Non-class space:       64.00 MB reserved,      41.19 MB ( 64%) committed,  1 nodes.
      Class space:        1.00 GB reserved,       6.69 MB ( <1%) committed,  1 nodes.
             Both:        1.06 GB reserved,      47.88 MB (  4%) committed. 

Chunk freelists:
   Non-Class:  6.79 MB
       Class:  9.22 MB
        Both:  16.01 MB

MaxMetaspaceSize: unlimited
CompressedClassSpaceSize: 1.00 GB
Initial GC threshold: 21.00 MB
Current GC threshold: 79.50 MB
CDS: on
MetaspaceReclaimPolicy: balanced
 - commit_granule_bytes: 65536.
 - commit_granule_words: 8192.
 - virtual_space_node_default_size: 8388608.
 - enlarge_chunks_in_place: 1.
 - new_chunks_are_fully_committed: 0.
 - uncommit_free_chunks: 1.
 - use_allocation_guard: 0.
 - handle_deallocations: 1.


Internal statistics:

num_allocs_failed_limit: 6.
num_arena_births: 628.
num_arena_deaths: 0.
num_vsnodes_births: 2.
num_vsnodes_deaths: 0.
num_space_committed: 766.
num_space_uncommitted: 0.
num_chunks_returned_to_freelist: 6.
num_chunks_taken_from_freelist: 2274.
num_chunk_merges: 3.
num_chunk_splits: 1523.
num_chunks_enlarged: 1171.
num_inconsistent_stats: 0.

CodeHeap 'non-profiled nmethods': size=120000Kb used=4833Kb max_used=4833Kb free=115166Kb
 bounds [0x00000222c2a60000, 0x00000222c2f20000, 0x00000222c9f90000]
CodeHeap 'profiled nmethods': size=120000Kb used=15618Kb max_used=15618Kb free=104381Kb
 bounds [0x00000222baf90000, 0x00000222bbee0000, 0x00000222c24c0000]
CodeHeap 'non-nmethods': size=5760Kb used=1558Kb max_used=1605Kb free=4202Kb
 bounds [0x00000222c24c0000, 0x00000222c2730000, 0x00000222c2a60000]
 total_blobs=8498 nmethods=7554 adapters=856
 compilation: enabled
              stopped_count=0, restarted_count=0
 full_count=0

Compilation events (20 events):
Event: 70.654 Thread 0x000002231803d1f0 nmethod 8447 0x00000222bbe9e110 code [0x00000222bbe9e340, 0x00000222bbe9efd8]
Event: 70.654 Thread 0x000002231803d1f0 8443       3       com.sun.javafx.application.PlatformImpl$$Lambda$110/0x00000222d8083cf0::run (8 bytes)
Event: 70.654 Thread 0x000002231803d1f0 nmethod 8443 0x00000222bbe9f290 code [0x00000222bbe9f440, 0x00000222bbe9f688]
Event: 70.654 Thread 0x000002231803d1f0 8444       3       com.sun.javafx.application.PlatformImpl::lambda$runLater$10 (8 bytes)
Event: 70.654 Thread 0x000002231803d1f0 nmethod 8444 0x00000222bbe9f790 code [0x00000222bbe9f940, 0x00000222bbe9fb08]
Event: 70.654 Thread 0x000002231803d1f0 8445       3       java.util.concurrent.atomic.AtomicInteger::decrementAndGet (14 bytes)
Event: 70.655 Thread 0x000002231803d1f0 nmethod 8445 0x00000222bbe9fc10 code [0x00000222bbe9fda0, 0x00000222bbe9feb8]
Event: 70.655 Thread 0x000002231803d1f0 8448       3       com.sun.javafx.font.directwrite.DWRITE_GLYPH_RUN::<init> (5 bytes)
Event: 70.655 Thread 0x000002231803d1f0 nmethod 8448 0x00000222bbe9ff90 code [0x00000222bbea0120, 0x00000222bbea0278]
Event: 70.655 Thread 0x000002231803d1f0 8449       3       com.sun.javafx.font.directwrite.DWGlyph::<init> (145 bytes)
Event: 70.655 Thread 0x000002231803d1f0 nmethod 8449 0x00000222bbea0310 code [0x00000222bbea0500, 0x00000222bbea0dd8]
Event: 70.655 Thread 0x000002231803d1f0 8442       3       com.sun.javafx.tk.Toolkit::getPaint (66 bytes)
Event: 70.656 Thread 0x000002231803d1f0 nmethod 8442 0x00000222bbea1090 code [0x00000222bbea12c0, 0x00000222bbea1dd8]
Event: 70.656 Thread 0x000002231803d1f0 8450       3       javafx.scene.layout.GridPane::computeWidthsToFit (63 bytes)
Event: 70.657 Thread 0x000002231803d1f0 nmethod 8450 0x00000222bbea1f90 code [0x00000222bbea21a0, 0x00000222bbea2538]
Event: 70.657 Thread 0x000002231803d1f0 8451       3       javafx.scene.layout.VBox::growOrShrinkAreaHeights (349 bytes)
Event: 70.659 Thread 0x000002231803d1f0 nmethod 8451 0x00000222bbea2690 code [0x00000222bbea2bc0, 0x00000222bbea5d28]
Event: 70.659 Thread 0x000002231803d1f0 8453       3       javafx.scene.control.skin.VirtualFlow$ArrayLinkedList::remove (230 bytes)
Event: 70.781 Thread 0x000002231803d1f0 nmethod 8453 0x00000222bbea6d90 code [0x00000222bbea71e0, 0x00000222bbea9d98]
Event: 70.781 Thread 0x000002231803d1f0 8454       3       javafx.scene.control.Control::computePrefWidth (51 bytes)

GC Heap History (20 events):
Event: 1.626 GC heap before
{Heap before GC invocations=1 (full 0):
 garbage-first heap   total 258048K, used 35983K [0x0000000704c00000, 0x0000000800000000)
  region size 2048K, 19 young (38912K), 2 survivors (4096K)
 Metaspace       used 13745K, committed 13952K, reserved 1114112K
  class space    used 1811K, committed 1920K, reserved 1048576K
}
Event: 1.633 GC heap after
{Heap after GC invocations=2 (full 0):
 garbage-first heap   total 258048K, used 8459K [0x0000000704c00000, 0x0000000800000000)
  region size 2048K, 3 young (6144K), 3 survivors (6144K)
 Metaspace       used 13745K, committed 13952K, reserved 1114112K
  class space    used 1811K, committed 1920K, reserved 1048576K
}
Event: 57.871 GC heap before
{Heap before GC invocations=2 (full 0):
 garbage-first heap   total 258048K, used 49419K [0x0000000704c00000, 0x0000000800000000)
  region size 2048K, 23 young (47104K), 3 survivors (6144K)
 Metaspace       used 21258K, committed 21504K, reserved 1114112K
  class space    used 2912K, committed 3072K, reserved 1048576K
}
Event: 57.881 GC heap after
{Heap after GC invocations=3 (full 0):
 garbage-first heap   total 258048K, used 14403K [0x0000000704c00000, 0x0000000800000000)
  region size 2048K, 5 young (10240K), 5 survivors (10240K)
 Metaspace       used 21258K, committed 21504K, reserved 1114112K
  class space    used 2912K, committed 3072K, reserved 1048576K
}
Event: 58.325 GC heap before
{Heap before GC invocations=4 (full 0):
 garbage-first heap   total 61440K, used 41027K [0x0000000704c00000, 0x0000000800000000)
  region size 2048K, 18 young (36864K), 5 survivors (10240K)
 Metaspace       used 25924K, committed 26176K, reserved 1114112K
  class space    used 3526K, committed 3648K, reserved 1048576K
}
Event: 58.335 GC heap after
{Heap after GC invocations=5 (full 0):
 garbage-first heap   total 61440K, used 18601K [0x0000000704c00000, 0x0000000800000000)
  region size 2048K, 3 young (6144K), 3 survivors (6144K)
 Metaspace       used 25924K, committed 26176K, reserved 1114112K
  class space    used 3526K, committed 3648K, reserved 1048576K
}
Event: 58.356 GC heap before
{Heap before GC invocations=5 (full 0):
 garbage-first heap   total 61440K, used 20649K [0x0000000704c00000, 0x0000000800000000)
  region size 2048K, 4 young (8192K), 3 survivors (6144K)
 Metaspace       used 26226K, committed 26560K, reserved 1114112K
  class space    used 3561K, committed 3712K, reserved 1048576K
}
Event: 58.360 GC heap after
{Heap after GC invocations=6 (full 0):
 garbage-first heap   total 61440K, used 19748K [0x0000000704c00000, 0x0000000800000000)
  region size 2048K, 1 young (2048K), 1 survivors (2048K)
 Metaspace       used 26226K, committed 26560K, reserved 1114112K
  class space    used 3561K, committed 3712K, reserved 1048576K
}
Event: 59.158 GC heap before
{Heap before GC invocations=6 (full 0):
 garbage-first heap   total 61440K, used 42276K [0x0000000704c00000, 0x0000000800000000)
  region size 2048K, 12 young (24576K), 1 survivors (2048K)
 Metaspace       used 27662K, committed 27904K, reserved 1114112K
  class space    used 3752K, committed 3904K, reserved 1048576K
}
Event: 59.166 GC heap after
{Heap after GC invocations=7 (full 0):
 garbage-first heap   total 159744K, used 25144K [0x0000000704c00000, 0x0000000800000000)
  region size 2048K, 2 young (4096K), 2 survivors (4096K)
 Metaspace       used 27662K, committed 27904K, reserved 1114112K
  class space    used 3752K, committed 3904K, reserved 1048576K
}
Event: 59.947 GC heap before
{Heap before GC invocations=7 (full 0):
 garbage-first heap   total 159744K, used 64056K [0x0000000704c00000, 0x0000000800000000)
  region size 2048K, 23 young (47104K), 2 survivors (4096K)
 Metaspace       used 35724K, committed 35968K, reserved 1114112K
  class space    used 4705K, committed 4864K, reserved 1048576K
}
Event: 59.957 GC heap after
{Heap after GC invocations=8 (full 0):
 garbage-first heap   total 159744K, used 29398K [0x0000000704c00000, 0x0000000800000000)
  region size 2048K, 5 young (10240K), 5 survivors (10240K)
 Metaspace       used 35724K, committed 35968K, reserved 1114112K
  class space    used 4705K, committed 4864K, reserved 1048576K
}
Event: 62.239 GC heap before
{Heap before GC invocations=9 (full 0):
 garbage-first heap   total 116736K, used 66262K [0x0000000704c00000, 0x0000000800000000)
  region size 2048K, 15 young (30720K), 5 survivors (10240K)
 Metaspace       used 41131K, committed 41472K, reserved 1114112K
  class space    used 5443K, committed 5568K, reserved 1048576K
}
Event: 62.254 GC heap after
{Heap after GC invocations=10 (full 0):
 garbage-first heap   total 116736K, used 49544K [0x0000000704c00000, 0x0000000800000000)
  region size 2048K, 3 young (6144K), 3 survivors (6144K)
 Metaspace       used 41131K, committed 41472K, reserved 1114112K
  class space    used 5443K, committed 5568K, reserved 1048576K
}
Event: 66.886 GC heap before
{Heap before GC invocations=10 (full 0):
 garbage-first heap   total 116736K, used 80264K [0x0000000704c00000, 0x0000000800000000)
  region size 2048K, 11 young (22528K), 3 survivors (6144K)
 Metaspace       used 41671K, committed 41984K, reserved 1114112K
  class space    used 5468K, committed 5568K, reserved 1048576K
}
Event: 66.894 GC heap after
{Heap after GC invocations=11 (full 0):
 garbage-first heap   total 116736K, used 69313K [0x0000000704c00000, 0x0000000800000000)
  region size 2048K, 2 young (4096K), 2 survivors (4096K)
 Metaspace       used 41671K, committed 41984K, reserved 1114112K
  class space    used 5468K, committed 5568K, reserved 1048576K
}
Event: 69.715 GC heap before
{Heap before GC invocations=12 (full 0):
 garbage-first heap   total 131072K, used 91841K [0x0000000704c00000, 0x0000000800000000)
  region size 2048K, 12 young (24576K), 2 survivors (4096K)
 Metaspace       used 44509K, committed 44864K, reserved 1114112K
  class space    used 5964K, committed 6144K, reserved 1048576K
}
Event: 69.721 GC heap after
{Heap after GC invocations=13 (full 0):
 garbage-first heap   total 131072K, used 70498K [0x0000000704c00000, 0x0000000800000000)
  region size 2048K, 2 young (4096K), 2 survivors (4096K)
 Metaspace       used 44509K, committed 44864K, reserved 1114112K
  class space    used 5964K, committed 6144K, reserved 1048576K
}
Event: 70.548 GC heap before
{Heap before GC invocations=13 (full 0):
 garbage-first heap   total 131072K, used 103266K [0x0000000704c00000, 0x0000000800000000)
  region size 2048K, 18 young (36864K), 2 survivors (4096K)
 Metaspace       used 48314K, committed 48768K, reserved 1114112K
  class space    used 6579K, committed 6784K, reserved 1048576K
}
Event: 70.554 GC heap after
{Heap after GC invocations=14 (full 0):
 garbage-first heap   total 131072K, used 73466K [0x0000000704c00000, 0x0000000800000000)
  region size 2048K, 3 young (6144K), 3 survivors (6144K)
 Metaspace       used 48314K, committed 48768K, reserved 1114112K
  class space    used 6579K, committed 6784K, reserved 1048576K
}

Dll operation events (4 events):
Event: 0.010 Loaded shared library C:\Users\Nirvana\.jdks\jbr-17.0.14\bin\java.dll
Event: 0.034 Loaded shared library C:\Users\Nirvana\.jdks\jbr-17.0.14\bin\jsvml.dll
Event: 0.276 Loaded shared library C:\Users\Nirvana\.jdks\jbr-17.0.14\bin\zip.dll
Event: 59.393 Loaded shared library C:\Users\Nirvana\.jdks\jbr-17.0.14\bin\verify.dll

Deoptimization events (20 events):
Event: 70.630 Thread 0x0000022318cd39b0 Uncommon trap: trap_request=0xffffff45 fr.pc=0x00000222c2e85ba0 relative=0x0000000000003e60
Event: 70.630 Thread 0x0000022318cd39b0 Uncommon trap: reason=unstable_if action=reinterpret pc=0x00000222c2e85ba0 method=com.sun.javafx.sg.prism.NGRegion.renderBorderRectangle(Lcom/sun/prism/Graphics;)V @ 618 c2
Event: 70.630 Thread 0x0000022318cd39b0 DEOPT PACKING pc=0x00000222c2e85ba0 sp=0x00000067205fb0d0
Event: 70.630 Thread 0x0000022318cd39b0 DEOPT UNPACKING pc=0x00000222c25169a3 sp=0x00000067205faff0 mode 2
Event: 70.630 Thread 0x0000022318cd39b0 Uncommon trap: trap_request=0xffffff45 fr.pc=0x00000222c2db7378 relative=0x0000000000000418
Event: 70.630 Thread 0x0000022318cd39b0 Uncommon trap: reason=unstable_if action=reinterpret pc=0x00000222c2db7378 method=com.sun.prism.impl.ps.BaseShaderGraphics.renderGeneralRoundedRect(FFFFFFLcom/sun/prism/impl/ps/BaseShaderContext$MaskType;Lcom/sun/prism/BasicStroke;)V @ 79 c2
Event: 70.630 Thread 0x0000022318cd39b0 DEOPT PACKING pc=0x00000222c2db7378 sp=0x00000067205faeb0
Event: 70.630 Thread 0x0000022318cd39b0 DEOPT UNPACKING pc=0x00000222c25169a3 sp=0x00000067205fae40 mode 2
Event: 70.630 Thread 0x0000022318cd39b0 Uncommon trap: trap_request=0xffffff45 fr.pc=0x00000222c2dc77c4 relative=0x0000000000001184
Event: 70.630 Thread 0x0000022318cd39b0 Uncommon trap: reason=unstable_if action=reinterpret pc=0x00000222c2dc77c4 method=com.sun.prism.impl.ps.BaseShaderGraphics.renderGeneralRoundedPgram(FFFFFFFFFFLcom/sun/javafx/geom/transform/BaseTransform;Lcom/sun/prism/impl/ps/BaseShaderContext$MaskType;F
Event: 70.630 Thread 0x0000022318cd39b0 DEOPT PACKING pc=0x00000222c2dc77c4 sp=0x00000067205fac80
Event: 70.630 Thread 0x0000022318cd39b0 DEOPT UNPACKING pc=0x00000222c25169a3 sp=0x00000067205fabc0 mode 2
Event: 70.650 Thread 0x0000022318cd39b0 Uncommon trap: trap_request=0xffffffde fr.pc=0x00000222c2beb438 relative=0x0000000000000b78
Event: 70.650 Thread 0x0000022318cd39b0 Uncommon trap: reason=class_check action=maybe_recompile pc=0x00000222c2beb438 method=com.sun.javafx.font.CompositeStrike.getStrikeSlot(I)Lcom/sun/javafx/font/FontStrike; @ 16 c2
Event: 70.650 Thread 0x0000022318cd39b0 DEOPT PACKING pc=0x00000222c2beb438 sp=0x00000067205fa270
Event: 70.650 Thread 0x0000022318cd39b0 DEOPT UNPACKING pc=0x00000222c25169a3 sp=0x00000067205fa230 mode 2
Event: 70.650 Thread 0x0000022318cd39b0 Uncommon trap: trap_request=0xffffffde fr.pc=0x00000222c2beb438 relative=0x0000000000000b78
Event: 70.650 Thread 0x0000022318cd39b0 Uncommon trap: reason=class_check action=maybe_recompile pc=0x00000222c2beb438 method=com.sun.javafx.font.CompositeStrike.getStrikeSlot(I)Lcom/sun/javafx/font/FontStrike; @ 16 c2
Event: 70.650 Thread 0x0000022318cd39b0 DEOPT PACKING pc=0x00000222c2beb438 sp=0x00000067205fa0c0
Event: 70.650 Thread 0x0000022318cd39b0 DEOPT UNPACKING pc=0x00000222c25169a3 sp=0x00000067205fa080 mode 2

Classes loaded (20 events):
Event: 70.005 Loading class sun/security/ssl/CipherSuite$1
Event: 70.005 Loading class sun/security/ssl/CipherSuite$1 done
Event: 70.124 Loading class java/util/stream/ReferencePipeline$5
Event: 70.124 Loading class java/util/stream/LongPipeline$StatelessOp
Event: 70.125 Loading class java/util/stream/LongPipeline
Event: 70.125 Loading class java/util/stream/LongStream
Event: 70.125 Loading class java/util/stream/LongStream done
Event: 70.126 Loading class java/util/stream/LongPipeline done
Event: 70.126 Loading class java/util/stream/LongPipeline$StatelessOp done
Event: 70.126 Loading class java/util/stream/ReferencePipeline$5 done
Event: 70.126 Loading class java/util/stream/FindOps$FindSink$OfLong
Event: 70.126 Loading class java/util/stream/Sink$OfLong
Event: 70.126 Loading class java/util/stream/Sink$OfLong done
Event: 70.126 Loading class java/util/stream/FindOps$FindSink$OfLong done
Event: 70.126 Loading class java/util/OptionalLong
Event: 70.126 Loading class java/util/OptionalLong done
Event: 70.127 Loading class java/util/stream/ReferencePipeline$5$1
Event: 70.127 Loading class java/util/stream/ReferencePipeline$5$1 done
Event: 70.135 Loading class java/nio/HeapByteBufferR
Event: 70.136 Loading class java/nio/HeapByteBufferR done

Classes unloaded (0 events):
No events

Classes redefined (0 events):
No events

Internal exceptions (20 events):
Event: 69.771 Thread 0x000002231db363b0 Exception <a 'java/lang/NoSuchMethodError'{0x000000070c955938}: 'void java.lang.invoke.DirectMethodHandle$Holder.invokeSpecial(java.lang.Object, java.lang.Object, double)'> (0x000000070c955938) 
thrown [s\src\hotspot\share\interpreter\linkResolver.cpp, line 771]
Event: 69.772 Thread 0x000002231db363b0 Exception <a 'java/lang/NoSuchMethodError'{0x000000070c9646f0}: 'double java.lang.invoke.DirectMethodHandle$Holder.invokeVirtual(java.lang.Object, java.lang.Object)'> (0x000000070c9646f0) 
thrown [s\src\hotspot\share\interpreter\linkResolver.cpp, line 771]
Event: 69.773 Thread 0x000002231db363b0 Exception <a 'java/lang/NoSuchMethodError'{0x000000070c97a7b0}: 'java.lang.Object java.lang.invoke.DirectMethodHandle$Holder.invokeSpecialIFC(java.lang.Object, java.lang.Object, java.lang.Object, java.lang.Object)'> (0x000000070c97a7b0) 
thrown [s\src\hotspot\share\interpreter\linkResolver.cpp, line 771]
Event: 69.774 Thread 0x000002231db363b0 Exception <a 'java/lang/NoSuchMethodError'{0x000000070c997508}: 'java.lang.Object java.lang.invoke.DirectMethodHandle$Holder.newInvokeSpecial(java.lang.Object, java.lang.Object, java.lang.Object, java.lang.Object, java.lang.Object, java.lang.Object, java.lang.Object, java.lang.Object)'> (0x000000070c997508) 
thrown [s\src\hotspot\share\interpreter\linkResolver.cpp, line 771]
Event: 69.774 Thread 0x000002231db363b0 Exception <a 'java/lang/NoSuchMethodError'{0x000000070c99cd80}: 'java.lang.Object java.lang.invoke.DirectMethodHandle$Holder.invokeSpecial(java.lang.Object, java.lang.Object, java.lang.Object, java.lang.Object, java.lang.Object, java.lang.Object, java.lang.Object, java.lang.Object, java.lang.Object)'> (0x000000070c99cd80) 
thrown [s\src\hotspot\share\interpreter\linkResolver.cpp, line 771]
Event: 69.774 Thread 0x000002231db363b0 Exception <a 'java/lang/NoSuchMethodError'{0x000000070c9a1f10}: 'java.lang.Object java.lang.invoke.Invokers$Holder.linkToTargetMethod(java.lang.Object, java.lang.Object, java.lang.Object, java.lang.Object, java.lang.Object, java.lang.Object, java.lang.Object, java.lang.Object)'> (0x000000070c9a1f10) 
thrown [s\src\hotspot\share\interpreter\linkResolver.cpp, line 771]
Event: 69.790 Thread 0x000002231db363b0 Exception <a 'java/lang/NullPointerException'{0x000000070c6b65b0}> (0x000000070c6b65b0) 
thrown [s\src\hotspot\share\interpreter\linkResolver.cpp, line 1449]
Event: 69.792 Thread 0x0000022318510af0 Exception <a 'java/lang/InterruptedException'{0x000000070c701ad0}: sleep interrupted> (0x000000070c701ad0) 
thrown [s\src\hotspot\share\prims\jvm.cpp, line 3067]
Event: 69.798 Thread 0x000002231db363b0 Exception <a 'java/lang/NoSuchMethodError'{0x000000070c741af8}: 'java.lang.Object java.lang.invoke.DirectMethodHandle$Holder.invokeStatic(java.lang.Object, java.lang.Object, int)'> (0x000000070c741af8) 
thrown [s\src\hotspot\share\interpreter\linkResolver.cpp, line 771]
Event: 69.799 Thread 0x000002231db363b0 Exception <a 'java/lang/NoSuchMethodError'{0x000000070c745480}: 'java.lang.Object java.lang.invoke.DirectMethodHandle$Holder.invokeStaticInit(java.lang.Object, java.lang.Object, int)'> (0x000000070c745480) 
thrown [s\src\hotspot\share\interpreter\linkResolver.cpp, line 771]
Event: 69.800 Thread 0x000002231db363b0 Exception <a 'java/lang/NoSuchMethodError'{0x000000070c761778}: 'int java.lang.invoke.DirectMethodHandle$Holder.invokeSpecialIFC(java.lang.Object, java.lang.Object, java.lang.Object)'> (0x000000070c761778) 
thrown [s\src\hotspot\share\interpreter\linkResolver.cpp, line 771]
Event: 69.811 Thread 0x000002231db363b0 Exception <a 'sun/nio/fs/WindowsException'{0x000000070c4144f8}> (0x000000070c4144f8) 
thrown [s\src\hotspot\share\prims\jni.cpp, line 531]
Event: 69.909 Thread 0x0000022318510af0 Exception <a 'java/lang/NoSuchMethodError'{0x000000070c303e88}: 'void java.lang.invoke.DirectMethodHandle$Holder.invokeStatic(java.lang.Object, java.lang.Object, int)'> (0x000000070c303e88) 
thrown [s\src\hotspot\share\interpreter\linkResolver.cpp, line 771]
Event: 69.915 Thread 0x00000223320e68b0 Exception <a 'java/lang/NoSuchMethodError'{0x000000070c34fcc8}: 'int java.lang.invoke.DirectMethodHandle$Holder.invokeStaticInit(java.lang.Object, int, int)'> (0x000000070c34fcc8) 
thrown [s\src\hotspot\share\interpreter\linkResolver.cpp, line 771]
Event: 70.128 Thread 0x00000223320e68b0 Exception <a 'java/lang/NoSuchMethodError'{0x000000070c1b9760}: 'java.lang.Object java.lang.invoke.DirectMethodHandle$Holder.newInvokeSpecial(java.lang.Object, java.lang.Object, long, java.lang.Object, java.lang.Object, java.lang.Object)'> (0x000000070c1b9760) 
thrown [s\src\hotspot\share\interpreter\linkResolver.cpp, line 771]
Event: 70.132 Thread 0x00000223320e68b0 Exception <a 'java/lang/NoSuchMethodError'{0x000000070c1deef8}: 'void java.lang.invoke.DirectMethodHandle$Holder.invokeSpecial(java.lang.Object, java.lang.Object, java.lang.Object, java.lang.Object, java.lang.Object, java.lang.Object, java.lang.Object)'> (0x000000070c1deef8) 
thrown [s\src\hotspot\share\interpreter\linkResolver.cpp, line 771]
Event: 70.228 Thread 0x000002231db363b0 Exception <a 'java/lang/NoSuchMethodError'{0x000000070be91b78}: 'java.lang.Object java.lang.invoke.DirectMethodHandle$Holder.invokeStatic(java.lang.Object, java.lang.Object, java.lang.Object, int, java.lang.Object, java.lang.Object, java.lang.Object, java.lang.Object)'> (0x000000070be91b78) 
thrown [s\src\hotspot\share\interpreter\linkResolver.cpp, line 771]
Event: 70.232 Thread 0x000002231db363b0 Exception <a 'java/lang/NoSuchMethodError'{0x000000070bec6848}: 'java.lang.Object java.lang.invoke.DirectMethodHandle$Holder.invokeSpecialIFC(java.lang.Object, java.lang.Object, java.lang.Object, java.lang.Object, java.lang.Object)'> (0x000000070bec6848) 
thrown [s\src\hotspot\share\interpreter\linkResolver.cpp, line 771]
Event: 70.410 Thread 0x000002231db363b0 Implicit null exception at 0x00000222c2e631f3 to 0x00000222c2e63760
Event: 70.421 Thread 0x000002231db363b0 Implicit null exception at 0x00000222c2cdf898 to 0x00000222c2cdfa20

VM Operations (20 events):
Event: 69.819 Executing VM operation: HandshakeAllThreads
Event: 69.819 Executing VM operation: HandshakeAllThreads done
Event: 69.853 Executing VM operation: HandshakeAllThreads
Event: 69.853 Executing VM operation: HandshakeAllThreads done
Event: 70.137 Executing VM operation: HandshakeAllThreads
Event: 70.137 Executing VM operation: HandshakeAllThreads done
Event: 70.216 Executing VM operation: HandshakeAllThreads
Event: 70.216 Executing VM operation: HandshakeAllThreads done
Event: 70.287 Executing VM operation: ICBufferFull
Event: 70.288 Executing VM operation: ICBufferFull done
Event: 70.443 Executing VM operation: ICBufferFull
Event: 70.443 Executing VM operation: ICBufferFull done
Event: 70.517 Executing VM operation: ICBufferFull
Event: 70.517 Executing VM operation: ICBufferFull done
Event: 70.548 Executing VM operation: G1CollectForAllocation
Event: 70.554 Executing VM operation: G1CollectForAllocation done
Event: 70.580 Executing VM operation: G1PauseRemark
Event: 70.584 Executing VM operation: G1PauseRemark done
Event: 70.596 Executing VM operation: G1PauseCleanup
Event: 70.596 Executing VM operation: G1PauseCleanup done

Memory protections (0 events):
No events

Nmethod flushes (20 events):
Event: 60.359 Thread 0x00000223180483e0 flushing  nmethod 0x00000222bbb02e10
Event: 60.359 Thread 0x00000223180483e0 flushing  nmethod 0x00000222bbb04490
Event: 60.359 Thread 0x00000223180483e0 flushing  nmethod 0x00000222bbb06490
Event: 60.359 Thread 0x00000223180483e0 flushing  nmethod 0x00000222bbb07b10
Event: 60.359 Thread 0x00000223180483e0 flushing  nmethod 0x00000222bbb09210
Event: 60.359 Thread 0x00000223180483e0 flushing  nmethod 0x00000222bbb09790
Event: 60.359 Thread 0x00000223180483e0 flushing  nmethod 0x00000222bbb0b310
Event: 60.359 Thread 0x00000223180483e0 flushing  nmethod 0x00000222bbb0c190
Event: 60.359 Thread 0x00000223180483e0 flushing  nmethod 0x00000222bbb0de90
Event: 60.359 Thread 0x00000223180483e0 flushing  nmethod 0x00000222bbb0e590
Event: 60.359 Thread 0x00000223180483e0 flushing  nmethod 0x00000222bbb10610
Event: 60.359 Thread 0x00000223180483e0 flushing  nmethod 0x00000222bbb11710
Event: 60.359 Thread 0x00000223180483e0 flushing  nmethod 0x00000222bbb11f90
Event: 60.359 Thread 0x00000223180483e0 flushing  nmethod 0x00000222bbb2b710
Event: 60.359 Thread 0x00000223180483e0 flushing  nmethod 0x00000222bbb5ed10
Event: 60.359 Thread 0x00000223180483e0 flushing  nmethod 0x00000222bbb66c10
Event: 60.359 Thread 0x00000223180483e0 flushing  nmethod 0x00000222bbb69e10
Event: 60.359 Thread 0x00000223180483e0 flushing  nmethod 0x00000222bbb74f90
Event: 66.914 Thread 0x00000223180483e0 flushing  nmethod 0x00000222bbb69210
Event: 66.915 Thread 0x00000223180483e0 flushing  nmethod 0x00000222bbb75890

Events (20 events):
Event: 65.980 Thread 0x0000022318cfb0e0 Thread exited: 0x0000022318cfb0e0
Event: 66.008 Thread 0x000002231803c740 Thread added: 0x0000022318cfb0e0
Event: 66.398 Thread 0x0000022318cfb0e0 Thread exited: 0x0000022318cfb0e0
Event: 66.843 Thread 0x000002231803d1f0 Thread added: 0x0000022318cfb0e0
Event: 66.866 Thread 0x000002231803d1f0 Thread added: 0x0000022318cfbb80
Event: 67.715 Thread 0x0000022318cfbb80 Thread exited: 0x0000022318cfbb80
Event: 67.715 Thread 0x0000022318cfb0e0 Thread exited: 0x0000022318cfb0e0
Event: 67.738 Thread 0x000002231803d1f0 Thread added: 0x0000022318cfb0e0
Event: 68.352 Thread 0x0000022318cfb0e0 Thread exited: 0x0000022318cfb0e0
Event: 68.616 Thread 0x000002231803d1f0 Thread added: 0x00000223181646e0
Event: 69.423 Thread 0x00000223181646e0 Thread exited: 0x00000223181646e0
Event: 69.729 Thread 0x000002231803d1f0 Thread added: 0x00000223181656d0
Event: 69.782 Thread 0x000002231db363b0 Thread added: 0x0000022318510af0
Event: 69.792 Thread 0x0000022318510af0 Thread exited: 0x0000022318510af0
Event: 69.827 Thread 0x000002231db363b0 Thread added: 0x0000022318510af0
Event: 69.911 Thread 0x0000022318510af0 Thread added: 0x00000223320e68b0
Event: 69.925 Thread 0x0000022318510af0 Thread added: 0x00000223320e8200
Event: 70.131 Thread 0x00000223181656d0 Thread exited: 0x00000223181656d0
Event: 70.221 Thread 0x000002231803d1f0 Thread added: 0x0000022318167160
Event: 70.264 Thread 0x000002231803d1f0 Thread added: 0x00000223181676b0


Dynamic libraries:
0x00007ff7700d0000 - 0x00007ff7700da000 	C:\Users\Nirvana\.jdks\jbr-17.0.14\bin\java.exe
0x00007ff877f40000 - 0x00007ff8781a7000 	C:\WINDOWS\SYSTEM32\ntdll.dll
0x00007ff875ee0000 - 0x00007ff875fa9000 	C:\WINDOWS\System32\KERNEL32.DLL
0x00007ff875760000 - 0x00007ff875b4f000 	C:\WINDOWS\System32\KERNELBASE.dll
0x00007ff875410000 - 0x00007ff87555b000 	C:\WINDOWS\System32\ucrtbase.dll
0x00007ff8653e0000 - 0x00007ff8653fb000 	C:\Users\Nirvana\.jdks\jbr-17.0.14\bin\VCRUNTIME140.dll
0x00007ff864f20000 - 0x00007ff864f37000 	C:\Users\Nirvana\.jdks\jbr-17.0.14\bin\jli.dll
0x00007ff8778a0000 - 0x00007ff877a65000 	C:\WINDOWS\System32\USER32.dll
0x00007ff8753e0000 - 0x00007ff875407000 	C:\WINDOWS\System32\win32u.dll
0x00007ff85e300000 - 0x00007ff85e593000 	C:\WINDOWS\WinSxS\amd64_microsoft.windows.common-controls_6595b64144ccf1df_6.0.26100.7309_none_3e05feeae336a044\COMCTL32.dll
0x00007ff876e90000 - 0x00007ff876ebb000 	C:\WINDOWS\System32\GDI32.dll
0x00007ff877b30000 - 0x00007ff877bd9000 	C:\WINDOWS\System32\msvcrt.dll
0x00007ff875090000 - 0x00007ff8751bc000 	C:\WINDOWS\System32\gdi32full.dll
0x00007ff8751c0000 - 0x00007ff875263000 	C:\WINDOWS\System32\msvcp_win.dll
0x00007ff877be0000 - 0x00007ff877c11000 	C:\WINDOWS\System32\IMM32.DLL
0x00007ff864f10000 - 0x00007ff864f1c000 	C:\Users\Nirvana\.jdks\jbr-17.0.14\bin\vcruntime140_1.dll
0x00007ff85a0d0000 - 0x00007ff85a15d000 	C:\Users\Nirvana\.jdks\jbr-17.0.14\bin\msvcp140.dll
0x00007fffe48d0000 - 0x00007fffe555e000 	C:\Users\Nirvana\.jdks\jbr-17.0.14\bin\server\jvm.dll
0x00007ff876c60000 - 0x00007ff876d14000 	C:\WINDOWS\System32\ADVAPI32.dll
0x00007ff875e20000 - 0x00007ff875ec6000 	C:\WINDOWS\System32\sechost.dll
0x00007ff875ce0000 - 0x00007ff875df8000 	C:\WINDOWS\System32\RPCRT4.dll
0x00007ff876d20000 - 0x00007ff876d94000 	C:\WINDOWS\System32\WS2_32.dll
0x00007ff874f10000 - 0x00007ff874f6e000 	C:\WINDOWS\SYSTEM32\POWRPROF.dll
0x00007ff86b120000 - 0x00007ff86b155000 	C:\WINDOWS\SYSTEM32\WINMM.dll
0x00007ff864b50000 - 0x00007ff864b5b000 	C:\WINDOWS\SYSTEM32\VERSION.dll
0x00007ff874ef0000 - 0x00007ff874f04000 	C:\WINDOWS\SYSTEM32\UMPDC.dll
0x00007ff873e40000 - 0x00007ff873e5b000 	C:\WINDOWS\SYSTEM32\kernel.appcore.dll
0x00007ff864f00000 - 0x00007ff864f0a000 	C:\Users\Nirvana\.jdks\jbr-17.0.14\bin\jimage.dll
0x00007ff8727e0000 - 0x00007ff872a22000 	C:\WINDOWS\SYSTEM32\DBGHELP.DLL
0x00007ff875fb0000 - 0x00007ff876335000 	C:\WINDOWS\System32\combase.dll
0x00007ff8776c0000 - 0x00007ff877796000 	C:\WINDOWS\System32\OLEAUT32.dll
0x00007ff8484e0000 - 0x00007ff84851c000 	C:\WINDOWS\SYSTEM32\dbgcore.DLL
0x00007ff8756b0000 - 0x00007ff875755000 	C:\WINDOWS\System32\bcryptPrimitives.dll
0x00007ff864a30000 - 0x00007ff864a3e000 	C:\Users\Nirvana\.jdks\jbr-17.0.14\bin\instrument.dll
0x00007ff85d1b0000 - 0x00007ff85d1d5000 	C:\Users\Nirvana\.jdks\jbr-17.0.14\bin\java.dll
0x00007ff858e10000 - 0x00007ff858ee7000 	C:\Users\Nirvana\.jdks\jbr-17.0.14\bin\jsvml.dll
0x00007ff876f60000 - 0x00007ff8776b3000 	C:\WINDOWS\System32\SHELL32.dll
0x00007ff875270000 - 0x00007ff8753da000 	C:\WINDOWS\System32\wintypes.dll
0x00007ff872cb0000 - 0x00007ff87350e000 	C:\WINDOWS\SYSTEM32\windows.storage.dll
0x00007ff8766d0000 - 0x00007ff8767c5000 	C:\WINDOWS\System32\SHCORE.dll
0x00007ff876ef0000 - 0x00007ff876f56000 	C:\WINDOWS\System32\shlwapi.dll
0x00007ff874fb0000 - 0x00007ff874fd9000 	C:\WINDOWS\SYSTEM32\profapi.dll
0x00007ff864180000 - 0x00007ff864198000 	C:\Users\Nirvana\.jdks\jbr-17.0.14\bin\zip.dll
0x00007ff863f60000 - 0x00007ff863f79000 	C:\Users\Nirvana\.jdks\jbr-17.0.14\bin\net.dll
0x00007ff8648d0000 - 0x00007ff8649f8000 	C:\WINDOWS\SYSTEM32\WINHTTP.dll
0x00007ff8743b0000 - 0x00007ff87441b000 	C:\WINDOWS\system32\mswsock.dll
0x00007ff863ba0000 - 0x00007ff863bb6000 	C:\Users\Nirvana\.jdks\jbr-17.0.14\bin\nio.dll
0x00000222b62a0000 - 0x00000222b62a3000 	C:\Users\Nirvana\.openjfx\cache\17.0.14\api-ms-win-core-console-l1-1-0.dll
0x00000222d6fb0000 - 0x00000222d6fb3000 	C:\Users\Nirvana\.openjfx\cache\17.0.14\api-ms-win-core-console-l1-2-0.dll
0x00000222d6fc0000 - 0x00000222d6fc3000 	C:\Users\Nirvana\.openjfx\cache\17.0.14\api-ms-win-core-datetime-l1-1-0.dll
0x00000222d6fd0000 - 0x00000222d6fd3000 	C:\Users\Nirvana\.openjfx\cache\17.0.14\api-ms-win-core-debug-l1-1-0.dll
0x00000222d6fe0000 - 0x00000222d6fe3000 	C:\Users\Nirvana\.openjfx\cache\17.0.14\api-ms-win-core-errorhandling-l1-1-0.dll
0x00000222d6ff0000 - 0x00000222d6ff4000 	C:\Users\Nirvana\.openjfx\cache\17.0.14\api-ms-win-core-file-l1-1-0.dll
0x0000022318d10000 - 0x0000022318d13000 	C:\Users\Nirvana\.openjfx\cache\17.0.14\api-ms-win-core-file-l1-2-0.dll
0x0000022318d20000 - 0x0000022318d23000 	C:\Users\Nirvana\.openjfx\cache\17.0.14\api-ms-win-core-file-l2-1-0.dll
0x0000022318d30000 - 0x0000022318d33000 	C:\Users\Nirvana\.openjfx\cache\17.0.14\api-ms-win-core-handle-l1-1-0.dll
0x0000022318d40000 - 0x0000022318d43000 	C:\Users\Nirvana\.openjfx\cache\17.0.14\api-ms-win-core-heap-l1-1-0.dll
0x0000022318d50000 - 0x0000022318d53000 	C:\Users\Nirvana\.openjfx\cache\17.0.14\api-ms-win-core-interlocked-l1-1-0.dll
0x0000022318d60000 - 0x0000022318d63000 	C:\Users\Nirvana\.openjfx\cache\17.0.14\api-ms-win-core-libraryloader-l1-1-0.dll
0x0000022318d70000 - 0x0000022318d73000 	C:\Users\Nirvana\.openjfx\cache\17.0.14\api-ms-win-core-localization-l1-2-0.dll
0x0000022318d80000 - 0x0000022318d83000 	C:\Users\Nirvana\.openjfx\cache\17.0.14\api-ms-win-core-memory-l1-1-0.dll
0x0000022318d90000 - 0x0000022318d93000 	C:\Users\Nirvana\.openjfx\cache\17.0.14\api-ms-win-core-namedpipe-l1-1-0.dll
0x0000022318da0000 - 0x0000022318da3000 	C:\Users\Nirvana\.openjfx\cache\17.0.14\api-ms-win-core-processenvironment-l1-1-0.dll
0x0000022318db0000 - 0x0000022318db3000 	C:\Users\Nirvana\.openjfx\cache\17.0.14\api-ms-win-core-processthreads-l1-1-0.dll
0x0000022318dc0000 - 0x0000022318dc3000 	C:\Users\Nirvana\.openjfx\cache\17.0.14\api-ms-win-core-processthreads-l1-1-1.dll
0x0000022318dd0000 - 0x0000022318dd3000 	C:\Users\Nirvana\.openjfx\cache\17.0.14\api-ms-win-core-profile-l1-1-0.dll
0x0000022318de0000 - 0x0000022318de3000 	C:\Users\Nirvana\.openjfx\cache\17.0.14\api-ms-win-core-rtlsupport-l1-1-0.dll
0x0000022318df0000 - 0x0000022318df3000 	C:\Users\Nirvana\.openjfx\cache\17.0.14\api-ms-win-core-string-l1-1-0.dll
0x0000022318e00000 - 0x0000022318e03000 	C:\Users\Nirvana\.openjfx\cache\17.0.14\api-ms-win-core-synch-l1-1-0.dll
0x0000022318e10000 - 0x0000022318e13000 	C:\Users\Nirvana\.openjfx\cache\17.0.14\api-ms-win-core-synch-l1-2-0.dll
0x0000022318e20000 - 0x0000022318e23000 	C:\Users\Nirvana\.openjfx\cache\17.0.14\api-ms-win-core-sysinfo-l1-1-0.dll
0x0000022318e30000 - 0x0000022318e33000 	C:\Users\Nirvana\.openjfx\cache\17.0.14\api-ms-win-core-timezone-l1-1-0.dll
0x0000022318e40000 - 0x0000022318e43000 	C:\Users\Nirvana\.openjfx\cache\17.0.14\api-ms-win-core-util-l1-1-0.dll
0x0000022318e50000 - 0x0000022318e53000 	C:\Users\Nirvana\.openjfx\cache\17.0.14\api-ms-win-crt-conio-l1-1-0.dll
0x0000022318e60000 - 0x0000022318e64000 	C:\Users\Nirvana\.openjfx\cache\17.0.14\api-ms-win-crt-convert-l1-1-0.dll
0x0000022318e70000 - 0x0000022318e73000 	C:\Users\Nirvana\.openjfx\cache\17.0.14\api-ms-win-crt-environment-l1-1-0.dll
0x0000022318e80000 - 0x0000022318e83000 	C:\Users\Nirvana\.openjfx\cache\17.0.14\api-ms-win-crt-filesystem-l1-1-0.dll
0x0000022318e90000 - 0x0000022318e93000 	C:\Users\Nirvana\.openjfx\cache\17.0.14\api-ms-win-crt-heap-l1-1-0.dll
0x0000022318ea0000 - 0x0000022318ea3000 	C:\Users\Nirvana\.openjfx\cache\17.0.14\api-ms-win-crt-locale-l1-1-0.dll
0x0000022318eb0000 - 0x0000022318eb5000 	C:\Users\Nirvana\.openjfx\cache\17.0.14\api-ms-win-crt-math-l1-1-0.dll
0x0000022318ec0000 - 0x0000022318ec5000 	C:\Users\Nirvana\.openjfx\cache\17.0.14\api-ms-win-crt-multibyte-l1-1-0.dll
0x0000022318ed0000 - 0x0000022318ee0000 	C:\Users\Nirvana\.openjfx\cache\17.0.14\api-ms-win-crt-private-l1-1-0.dll
0x0000022318ee0000 - 0x0000022318ee3000 	C:\Users\Nirvana\.openjfx\cache\17.0.14\api-ms-win-crt-process-l1-1-0.dll
0x0000022318ef0000 - 0x0000022318ef4000 	C:\Users\Nirvana\.openjfx\cache\17.0.14\api-ms-win-crt-runtime-l1-1-0.dll
0x0000022318f00000 - 0x0000022318f04000 	C:\Users\Nirvana\.openjfx\cache\17.0.14\api-ms-win-crt-stdio-l1-1-0.dll
0x0000022318f10000 - 0x0000022318f14000 	C:\Users\Nirvana\.openjfx\cache\17.0.14\api-ms-win-crt-string-l1-1-0.dll
0x0000022318f20000 - 0x0000022318f23000 	C:\Users\Nirvana\.openjfx\cache\17.0.14\api-ms-win-crt-time-l1-1-0.dll
0x0000022318f30000 - 0x0000022318f33000 	C:\Users\Nirvana\.openjfx\cache\17.0.14\api-ms-win-crt-utility-l1-1-0.dll
0x00007ff858970000 - 0x00007ff858a6c000 	C:\Users\Nirvana\.openjfx\cache\17.0.14\ucrtbase.dll
0x00007ff8623a0000 - 0x00007ff8623bb000 	C:\Users\Nirvana\.openjfx\cache\17.0.14\vcruntime140.dll
0x00007ff864420000 - 0x00007ff86442c000 	C:\Users\Nirvana\.openjfx\cache\17.0.14\vcruntime140_1.dll
0x00007ff858b60000 - 0x00007ff858bee000 	C:\Users\Nirvana\.openjfx\cache\17.0.14\msvcp140.dll
0x00007ff862360000 - 0x00007ff862369000 	C:\Users\Nirvana\.openjfx\cache\17.0.14\msvcp140_1.dll
0x00007ff85a080000 - 0x00007ff85a0c1000 	C:\Users\Nirvana\.openjfx\cache\17.0.14\msvcp140_2.dll
0x00007ff85c1d0000 - 0x00007ff85c1fa000 	C:\Users\Nirvana\.openjfx\cache\17.0.14\prism_d3d.dll
0x00007ff858660000 - 0x00007ff858813000 	C:\WINDOWS\system32\d3d9.dll
0x00007ff872380000 - 0x00007ff8723b0000 	C:\WINDOWS\SYSTEM32\dwmapi.dll
0x00007ff8721d0000 - 0x00007ff872214000 	C:\WINDOWS\SYSTEM32\dxcore.dll
0x00007ff8720f0000 - 0x00007ff87219b000 	C:\WINDOWS\system32\uxtheme.dll
0x00007ff858590000 - 0x00007ff858653000 	C:\WINDOWS\SYSTEM32\d3d9on12.dll
0x00007ff85c200000 - 0x00007ff85c223000 	C:\WINDOWS\SYSTEM32\d3d12.dll
0x00007ff872220000 - 0x00007ff87235b000 	C:\WINDOWS\SYSTEM32\dxgi.dll
0x00007ff874b50000 - 0x00007ff874ba7000 	C:\WINDOWS\SYSTEM32\cfgmgr32.dll
0x00007ff83f150000 - 0x00007ff83f4a8000 	C:\WINDOWS\SYSTEM32\D3D12Core.dll
0x00007ff8583d0000 - 0x00007ff8584d7000 	C:\WINDOWS\System32\DriverStore\FileRepository\iigd_dch.inf_amd64_a20b3b287a746bc0\igd12umd64.dll
0x00007fffcde30000 - 0x00007fffced35000 	C:\WINDOWS\System32\DriverStore\FileRepository\iigd_dch.inf_amd64_a20b3b287a746bc0\igd12um64xel.dll
0x00007ff875b60000 - 0x00007ff875cd7000 	C:\WINDOWS\System32\CRYPT32.dll
0x00007ff8764b0000 - 0x00007ff876647000 	C:\WINDOWS\System32\ole32.dll
0x00007ff874f80000 - 0x00007ff874faa000 	C:\WINDOWS\SYSTEM32\bcrypt.dll
0x00007ff846200000 - 0x00007ff846244000 	C:\WINDOWS\SYSTEM32\ControlLib.dll
0x00007ff8767d0000 - 0x00007ff876c5a000 	C:\WINDOWS\System32\SETUPAPI.dll
0x00007ff874bb0000 - 0x00007ff874bdd000 	C:\WINDOWS\SYSTEM32\DEVOBJ.dll
0x00007ff86b090000 - 0x00007ff86b11b000 	C:\WINDOWS\System32\DriverStore\FileRepository\iigd_dch.inf_amd64_a20b3b287a746bc0\IntelControlLib.dll
0x00007ff875620000 - 0x00007ff8756a0000 	C:\WINDOWS\System32\WINTRUST.dll
0x00007ff8746e0000 - 0x00007ff8746f3000 	C:\WINDOWS\SYSTEM32\MSASN1.dll
0x00007ff86f040000 - 0x00007ff86f0a3000 	C:\WINDOWS\SYSTEM32\directxdatabasehelper.dll
0x00007ff86ac50000 - 0x00007ff86b088000 	C:\WINDOWS\System32\DriverStore\FileRepository\iigd_dch.inf_amd64_a20b3b287a746bc0\igdgmm64.dll
0x00007ff866da0000 - 0x00007ff86ac4d000 	C:\WINDOWS\System32\DriverStore\FileRepository\iigd_dch.inf_amd64_a20b3b287a746bc0\igc64.dll
0x00007ff853530000 - 0x00007ff853615000 	C:\WINDOWS\SYSTEM32\D3DSCache.dll
0x00007ff874460000 - 0x00007ff87448b000 	C:\WINDOWS\SYSTEM32\USERENV.dll
0x00007ff83dfe0000 - 0x00007ff83e2dc000 	C:\WINDOWS\System32\DriverStore\FileRepository\iigd_dch.inf_amd64_a20b3b287a746bc0\igd12dxva64.dll
0x00007ffffe4c0000 - 0x00007fffff6a3000 	C:\WINDOWS\System32\DriverStore\FileRepository\iigd_dch.inf_amd64_a20b3b287a746bc0\igddxvacommon64.dll
0x00007ffffc790000 - 0x00007ffffe4b1000 	C:\WINDOWS\System32\DriverStore\FileRepository\iigd_dch.inf_amd64_a20b3b287a746bc0\media_bin_64.dll
0x00007ff8170d0000 - 0x00007ff8170f7000 	C:\WINDOWS\System32\DriverStore\FileRepository\iigd_dch.inf_amd64_a20b3b287a746bc0\igdinfo64.dll
0x00007ff859080000 - 0x00007ff8590c2000 	C:\Users\Nirvana\.openjfx\cache\17.0.14\glass.dll
0x00007ff877c20000 - 0x00007ff877d10000 	C:\WINDOWS\System32\COMDLG32.dll
0x00007ff876340000 - 0x00007ff87649e000 	C:\WINDOWS\System32\MSCTF.dll
0x00007ff85c5b0000 - 0x00007ff85c5c5000 	C:\Users\Nirvana\.openjfx\cache\17.0.14\javafx_font.dll

dbghelp: loaded successfully - version: 4.0.5 - missing functions: none
symbol engine: initialized successfully - sym options: 0x614 - pdb path: .;C:\Users\Nirvana\.jdks\jbr-17.0.14\bin;C:\WINDOWS\SYSTEM32;C:\WINDOWS\WinSxS\amd64_microsoft.windows.common-controls_6595b64144ccf1df_6.0.26100.7309_none_3e05feeae336a044;C:\Users\Nirvana\.jdks\jbr-17.0.14\bin\server;C:\Users\Nirvana\.openjfx\cache\17.0.14;C:\WINDOWS\System32\DriverStore\FileRepository\iigd_dch.inf_amd64_a20b3b287a746bc0;C:\Program Files\Common Files\Microsoft Shared\Ink

VM Arguments:
jvm_args: -javaagent:C:\Program Files\JetBrains\IntelliJ IDEA 2025.2.1\lib\idea_rt.jar=55678 -Dfile.encoding=UTF-8 --module-path=C:\Users\Nirvana\.m2\repository\software\amazon\awssdk\regions\2.41.23\regions-2.41.23.jar;C:\Users\Nirvana\.m2\repository\org\openjfx\javafx-fxml\17.0.14\javafx-fxml-17.0.14-win.jar;C:\Users\Nirvana\.m2\repository\org\openjfx\javafx-controls\17.0.14\javafx-controls-17.0.14-win.jar;C:\Users\Nirvana\.m2\repository\org\fxmisc\richtext\richtextfx\0.11.7\richtextfx-0.11.7.jar;C:\Users\Nirvana\.m2\repository\org\openjfx\javafx-base\17.0.14\javafx-base-17.0.14-win.jar;C:\Users\Nirvana\.m2\repository\software\amazon\awssdk\auth\2.41.23\auth-2.41.23.jar;C:\Users\Nirvana\.m2\repository\software\amazon\awssdk\sdk-core\2.41.23\sdk-core-2.41.23.jar;C:\Users\Nirvana\.m2\repository\org\fxmisc\flowless\flowless\0.7.4\flowless-0.7.4.jar;C:\Users\Nirvana\Documents\Projet JAVA\Gestion_User\GUser\target\classes;C:\Users\Nirvana\.m2\repository\org\openjfx\javafx-graphics\17.0.14\javafx-graphics-17.0.14-win.jar;C:\Users\Nirvana\.m2\repository\software\amazon\awssdk\s3\2.41.23\s3-2.41.23.jar;C:\Users\Nirvana\.m2\repository\com\dlsc\formsfx\formsfx-core\11.6.0\formsfx-core-11.6.0.jar -Djdk.module.main=com.example.guser 
java_command: com.example.guser/com.example.guser.HelloApplication
java_class_path (initial): C:\Users\Nirvana\.m2\repository\org\openjfx\javafx-controls\17.0.14\javafx-controls-17.0.14.jar;C:\Users\Nirvana\.m2\repository\org\openjfx\javafx-graphics\17.0.14\javafx-graphics-17.0.14.jar;C:\Users\Nirvana\.m2\repository\org\openjfx\javafx-base\17.0.14\javafx-base-17.0.14.jar;C:\Users\Nirvana\.m2\repository\org\openjfx\javafx-fxml\17.0.14\javafx-fxml-17.0.14.jar;C:\Users\Nirvana\.m2\repository\com\mysql\mysql-connector-j\8.2.0\mysql-connector-j-8.2.0.jar;C:\Users\Nirvana\.m2\repository\com\google\protobuf\protobuf-java\3.21.9\protobuf-java-3.21.9.jar;C:\Users\Nirvana\.m2\repository\software\amazon\awssdk\aws-xml-protocol\2.41.23\aws-xml-protocol-2.41.23.jar;C:\Users\Nirvana\.m2\repository\software\amazon\awssdk\aws-query-protocol\2.41.23\aws-query-protocol-2.41.23.jar;C:\Users\Nirvana\.m2\repository\software\amazon\awssdk\protocol-core\2.41.23\protocol-core-2.41.23.jar;C:\Users\Nirvana\.m2\repository\software\amazon\awssdk\arns\2.41.23\arns-2.41.23.jar;C:\Users\Nirvana\.m2\repository\software\amazon\awssdk\profiles\2.41.23\profiles-2.41.23.jar;C:\Users\Nirvana\.m2\repository\software\amazon\awssdk\crt-core\2.41.23\crt-core-2.41.23.jar;C:\Users\Nirvana\.m2\repository\software\amazon\awssdk\http-auth\2.41.23\http-auth-2.41.23.jar;C:\Users\Nirvana\.m2\repository\software\amazon\awssdk\identity-spi\2.41.23\identity-spi-2.41.23.jar;C:\Users\Nirvana\.m2\repository\software\amazon\awssdk\http-auth-spi\2.41.23\http-auth-spi-2.41.23.jar;C:\Users\Nirvana\.m2\repository\org\reactivestreams\reactive-streams\1.0.4\reactive-streams-1.0.4.jar;C:\Users\Nirvana\.m2\repository\software\amazon\awssdk\http-auth-aws\2.41.23\http-auth-aws-2.41.23.jar;C:\Users\Nirvana\.m2\repository\software\amazon\awssdk\checksums\2.41.23\checksums-2.41.23.jar;C:\Users\Nirvana\.m2\repository\software\amazon\awssdk\checksums-spi\2.41.23\checksums-spi-2.41.23.jar;C:\Users\Nirvana\.m2\repository\software\amazon\awssdk\retries-spi\2.41.23\retries-spi-2.41.23.jar;C:\Users\Nirva
Launcher Type: SUN_STANDARD

[Global flags]
     intx CICompilerCount                          = 4                                         {product} {ergonomic}
     uint ConcGCThreads                            = 3                                         {product} {ergonomic}
     uint G1ConcRefinementThreads                  = 10                                        {product} {ergonomic}
   size_t G1HeapRegionSize                         = 2097152                                   {product} {ergonomic}
    uintx GCDrainStackTargetSize                   = 64                                        {product} {ergonomic}
   size_t InitialHeapSize                          = 264241152                                 {product} {ergonomic}
   size_t MarkStackSize                            = 4194304                                   {product} {ergonomic}
   size_t MaxHeapSize                              = 4215275520                                {product} {ergonomic}
   size_t MaxNewSize                               = 2529165312                                {product} {ergonomic}
   size_t MinHeapDeltaBytes                        = 2097152                                   {product} {ergonomic}
   size_t MinHeapSize                              = 8388608                                   {product} {ergonomic}
    uintx NonNMethodCodeHeapSize                   = 5839372                                {pd product} {ergonomic}
    uintx NonProfiledCodeHeapSize                  = 122909434                              {pd product} {ergonomic}
    uintx ProfiledCodeHeapSize                     = 122909434                              {pd product} {ergonomic}
    uintx ReservedCodeCacheSize                    = 251658240                              {pd product} {ergonomic}
     bool SegmentedCodeCache                       = true                                      {product} {ergonomic}
   size_t SoftMaxHeapSize                          = 4215275520                             {manageable} {ergonomic}
     bool UseCompressedClassPointers               = true                           {product lp64_product} {ergonomic}
     bool UseCompressedOops                        = true                           {product lp64_product} {ergonomic}
     bool UseG1GC                                  = true                                      {product} {ergonomic}
     bool UseLargePagesIndividualAllocation        = false                                  {pd product} {ergonomic}

Logging:
Log output configuration:
 #0: stdout all=warning uptime,level,tags
 #1: stderr all=off uptime,level,tags

Environment Variables:
PATH=C:\Program Files (x86)\VMware\VMware Workstation\bin\;C:\Apps\db_home\bin;C:\xampp\php;C:\Program Files (x86)\Common Files\Intel\Shared Libraries\redist\intel64\compiler;C:\WINDOWS\system32;C:\WINDOWS;C:\WINDOWS\System32\Wbem;C:\WINDOWS\System32\WindowsPowerShell\v1.0\;C:\WINDOWS\System32\OpenSSH\;C:\Program Files\dotnet\;C:\Program Files\Lucid\resources;C:\Program Files\Git\cmd;C:\ProgramData\ComposerSetup\bin;C:\Users\Nirvana\scoop\shims;C:\Users\Nirvana\AppData\Local\Programs\Python\Launcher\;C:\Users\Nirvana\AppData\Local\Microsoft\WindowsApps;C:\Users\Nirvana\AppData\Local\Programs\Microsoft VS Code\bin;C:\Users\Nirvana\AppData\Local\ComposerSetup\bin;C:\Users\Nirvana\AppData\Roaming\Composer\vendor\bin;C:\Users\Nirvana\AppData\Local\GitHubDesktop\bin;C:\Program Files\JetBrains\IntelliJ IDEA 2025.2.1\bin;C:\Users\Nirvana\.jdks\ms-17.0.16;C:\xampp\php;C:\Program Files\JetBrains\PhpStorm 2025.2.2\bin;
USERNAME=Nirvana
OS=Windows_NT
PROCESSOR_IDENTIFIER=Intel64 Family 6 Model 154 Stepping 4, GenuineIntel
TMP=C:\Users\Nirvana\AppData\Local\Temp
TEMP=C:\Users\Nirvana\AppData\Local\Temp



Periodic native trim disabled

JNI global refs:
JNI global refs: 37, weak refs: 0

JNI global refs memory usage: 843, weak refs: 841

Process memory usage:
Resident Set Size: 830700K (5% of 16461216K total physical memory with 1686048K free physical memory)

OOME stack traces (most recent first):
Classloader memory used:
Loader jdk.internal.loader.ClassLoaders$AppClassLoader                                 : 4036K
Loader bootstrap                                                                       : 1737K
Loader jdk.internal.loader.ClassLoaders$PlatformClassLoader                            : 271K
Loader jdk.internal.reflect.DelegatingClassLoader                                      : 17104B
Loader com.sun.javafx.reflect.MethodUtil                                               : 510B


---------------  S Y S T E M  ---------------

OS:
 Windows 11 , 64 bit Build 26100 (10.0.26100.7309)
OS uptime: 36 days 3:51 hours

CPU: total 12 (initial active 12) (6 cores per cpu, 2 threads per core) family 6 model 154 stepping 4 microcode 0x429, cx8, cmov, fxsr, ht, mmx, 3dnowpref, sse, sse2, sse3, ssse3, sse4.1, sse4.2, popcnt, lzcnt, tsc, tscinvbit, avx, avx2, aes, erms, clmul, bmi1, bmi2, adx, sha, fma, vzeroupper, clflush, clflushopt, clwb
Processor Information for processor 0
  Max Mhz: 1700, Current Mhz: 1700, Mhz Limit: 1700
Processor Information for processor 1
  Max Mhz: 1700, Current Mhz: 1700, Mhz Limit: 1700
Processor Information for processor 2
  Max Mhz: 1700, Current Mhz: 1457, Mhz Limit: 1700
Processor Information for processor 3
  Max Mhz: 1700, Current Mhz: 1700, Mhz Limit: 1700
Processor Information for processor 4
  Max Mhz: 1700, Current Mhz: 1200, Mhz Limit: 1190
Processor Information for processor 5
  Max Mhz: 1700, Current Mhz: 1200, Mhz Limit: 1190
Processor Information for processor 6
  Max Mhz: 1700, Current Mhz: 1200, Mhz Limit: 1190
Processor Information for processor 7
  Max Mhz: 1700, Current Mhz: 1200, Mhz Limit: 1190
Processor Information for processor 8
  Max Mhz: 1700, Current Mhz: 1200, Mhz Limit: 1190
Processor Information for processor 9
  Max Mhz: 1700, Current Mhz: 1200, Mhz Limit: 1190
Processor Information for processor 10
  Max Mhz: 1700, Current Mhz: 1200, Mhz Limit: 1190
Processor Information for processor 11
  Max Mhz: 1700, Current Mhz: 1200, Mhz Limit: 1190

Memory: 4k page, system-wide physical 16075M (1643M free)
TotalPageFile size 65227M (AvailPageFile size 323M)
current process WorkingSet (physical memory assigned to process): 813M, peak: 813M
current process commit charge ("private bytes"): 866M, peak: 866M

vm_info: OpenJDK 64-Bit Server VM (17.0.14+1-b1367.22) for windows-amd64 JRE (17.0.14+1-b1367.22), built on 2025-01-30 by "builduser" with MS VC++ 16.10 / 16.11 (VS2019)

END.
